// Jest Snapshot v1, https://goo.gl/fbAQLP

exports[`Astronomy Page Should show Astronomy Page 1`] = `undefined`;
