// Jest Snapshot v1, https://goo.gl/fbAQLP

exports[`Header Component Should show HeaderComponent 1`] = `undefined`;
