// Jest Snapshot v1, https://goo.gl/fbAQLP

exports[`Video Component Should show Video Component 1`] = `undefined`;
