// Jest Snapshot v1, https://goo.gl/fbAQLP

exports[`Content Component Should show ContentComponent 1`] = `undefined`;
