// Jest Snapshot v1, https://goo.gl/fbAQLP

exports[`DateButton Component Should show DateButton Component 1`] = `undefined`;
